// Jest Snapshot v1, https://goo.gl/fbAQLP

exports[`<CreationOfAccountFinished/> Shallow render of <CreationOfAccountFinished/> 1`] = `
ShallowWrapper {
  "length": 1,
  Symbol(enzyme.__root__): [Circular],
  Symbol(enzyme.__unrendered__): <CreationOfAccountFinished
    text={
        Object {
            "LoginForTheFirstTime": "something",
          }
    }
/>,
  Symbol(enzyme.__renderer__): Object {
    "batchedUpdates": [Function],
    "getNode": [Function],
    "render": [Function],
    "simulateEvent": [Function],
    "unmount": [Function],
  },
  Symbol(enzyme.__node__): Object {
    "instance": null,
    "key": undefined,
    "nodeType": "class",
    "props": Object {
      "children": <Styled(Component)>
        <Styled(Styled(Component))
                text={undefined}
        />
        <styled.div>
                <styled.div>
                        <Styled(Component)
                                text={undefined}
                        />
                </styled.div>
        </styled.div>
        <styled.div
                reverseDirection={true}
        >
                <DeltaButton
                        onClick={[Function]}
                        primary={true}
                        raised={true}
                        text="something"
                />
        </styled.div>
</Styled(Component)>,
    },
    "ref": null,
    "rendered": Object {
      "instance": null,
      "key": undefined,
      "nodeType": "class",
      "props": Object {
        "children": Array [
          <Styled(Styled(Component))
            text={undefined}
/>,
          <styled.div>
            <styled.div>
                        <Styled(Component)
                                    text={undefined}
                        />
            </styled.div>
</styled.div>,
          <styled.div
            reverseDirection={true}
>
            <DeltaButton
                        onClick={[Function]}
                        primary={true}
                        raised={true}
                        text="something"
            />
</styled.div>,
        ],
      },
      "ref": null,
      "rendered": Array [
        Object {
          "instance": null,
          "key": undefined,
          "nodeType": "class",
          "props": Object {
            "text": undefined,
          },
          "ref": null,
          "rendered": null,
          "type": [Function],
        },
        Object {
          "instance": null,
          "key": undefined,
          "nodeType": "class",
          "props": Object {
            "children": <styled.div>
              <Styled(Component)
                            text={undefined}
              />
</styled.div>,
          },
          "ref": null,
          "rendered": Object {
            "instance": null,
            "key": undefined,
            "nodeType": "class",
            "props": Object {
              "children": <Styled(Component)
                text={undefined}
/>,
            },
            "ref": null,
            "rendered": Object {
              "instance": null,
              "key": undefined,
              "nodeType": "class",
              "props": Object {
                "text": undefined,
              },
              "ref": null,
              "rendered": null,
              "type": [Function],
            },
            "type": [Function],
          },
          "type": [Function],
        },
        Object {
          "instance": null,
          "key": undefined,
          "nodeType": "class",
          "props": Object {
            "children": <DeltaButton
              onClick={[Function]}
              primary={true}
              raised={true}
              text="something"
/>,
            "reverseDirection": true,
          },
          "ref": null,
          "rendered": Object {
            "instance": null,
            "key": undefined,
            "nodeType": "function",
            "props": Object {
              "onClick": [Function],
              "primary": true,
              "raised": true,
              "text": "something",
            },
            "ref": null,
            "rendered": null,
            "type": [Function],
          },
          "type": [Function],
        },
      ],
      "type": [Function],
    },
    "type": [Function],
  },
  Symbol(enzyme.__nodes__): Array [
    Object {
      "instance": null,
      "key": undefined,
      "nodeType": "class",
      "props": Object {
        "children": <Styled(Component)>
          <Styled(Styled(Component))
                    text={undefined}
          />
          <styled.div>
                    <styled.div>
                              <Styled(Component)
                                        text={undefined}
                              />
                    </styled.div>
          </styled.div>
          <styled.div
                    reverseDirection={true}
          >
                    <DeltaButton
                              onClick={[Function]}
                              primary={true}
                              raised={true}
                              text="something"
                    />
          </styled.div>
</Styled(Component)>,
      },
      "ref": null,
      "rendered": Object {
        "instance": null,
        "key": undefined,
        "nodeType": "class",
        "props": Object {
          "children": Array [
            <Styled(Styled(Component))
              text={undefined}
/>,
            <styled.div>
              <styled.div>
                            <Styled(Component)
                                          text={undefined}
                            />
              </styled.div>
</styled.div>,
            <styled.div
              reverseDirection={true}
>
              <DeltaButton
                            onClick={[Function]}
                            primary={true}
                            raised={true}
                            text="something"
              />
</styled.div>,
          ],
        },
        "ref": null,
        "rendered": Array [
          Object {
            "instance": null,
            "key": undefined,
            "nodeType": "class",
            "props": Object {
              "text": undefined,
            },
            "ref": null,
            "rendered": null,
            "type": [Function],
          },
          Object {
            "instance": null,
            "key": undefined,
            "nodeType": "class",
            "props": Object {
              "children": <styled.div>
                <Styled(Component)
                                text={undefined}
                />
</styled.div>,
            },
            "ref": null,
            "rendered": Object {
              "instance": null,
              "key": undefined,
              "nodeType": "class",
              "props": Object {
                "children": <Styled(Component)
                  text={undefined}
/>,
              },
              "ref": null,
              "rendered": Object {
                "instance": null,
                "key": undefined,
                "nodeType": "class",
                "props": Object {
                  "text": undefined,
                },
                "ref": null,
                "rendered": null,
                "type": [Function],
              },
              "type": [Function],
            },
            "type": [Function],
          },
          Object {
            "instance": null,
            "key": undefined,
            "nodeType": "class",
            "props": Object {
              "children": <DeltaButton
                onClick={[Function]}
                primary={true}
                raised={true}
                text="something"
/>,
              "reverseDirection": true,
            },
            "ref": null,
            "rendered": Object {
              "instance": null,
              "key": undefined,
              "nodeType": "function",
              "props": Object {
                "onClick": [Function],
                "primary": true,
                "raised": true,
                "text": "something",
              },
              "ref": null,
              "rendered": null,
              "type": [Function],
            },
            "type": [Function],
          },
        ],
        "type": [Function],
      },
      "type": [Function],
    },
  ],
  Symbol(enzyme.__options__): Object {
    "adapter": ReactSixteenAdapter {
      "options": Object {
        "enableComponentDidUpdateOnSetState": true,
      },
    },
  },
}
`;
